node : C:\Users\DELL\OneDrive
\Desktop\Library management\b
ackend\node_modules\mongoose\
lib\connection.js:1136
At line:1 char:1
+ node check-cats.js > 
errors.txt 2>&1
+ ~~~~~~~~~~~~~~~~~~~~~~~~~~~
~~~~~~~~~
    + CategoryInfo           
   : NotSpecified: (C:\User  
  s\DELL\O...nection.js:11   
 36:String) [], RemoteExc    
eption
    + FullyQualifiedErrorId  
   : NativeCommandError
 
      throw new MongooseError
.MissingSchemaError(name);
            ^

MissingSchemaError: Schema 
hasn't been registered for 
model "Category".
Use mongoose.model(name, 
schema)
    at Connection.model (C:\U
sers\DELL\OneDrive\Desktop\Li
brary management\backend\node
_modules\mongoose\lib\connect
ion.js:1136:13)
    at _getModelFromConn (C:\
Users\DELL\OneDrive\Desktop\L
ibrary management\backend\nod
e_modules\mongoose\lib\helper
s\populate\getModelsMapForPop
ulate.js:585:15)
    at addModelNamesToMap (C:
\Users\DELL\OneDrive\Desktop\
Library management\backend\no
de_modules\mongoose\lib\helpe
rs\populate\getModelsMapForPo
pulate.js:512:17)
    at 
getModelsMapForPopulate (C:\U
sers\DELL\OneDrive\Desktop\Li
brary management\backend\node
_modules\mongoose\lib\helpers
\populate\getModelsMapForPopu
late.js:201:7)
    at populate (C:\Users\DEL
L\OneDrive\Desktop\Library ma
nagement\backend\node_modules
\mongoose\lib\model.js:4391:2
1)
    at _populate (C:\Users\DE
LL\OneDrive\Desktop\Library m
anagement\backend\node_module
s\mongoose\lib\model.js:4351:
5)
    at C:\Users\DELL\OneDrive
\Desktop\Library management\b
ackend\node_modules\mongoose\
lib\model.js:4323:5
    at new Promise 
(<anonymous>)
    at Function.populate (C:\
Users\DELL\OneDrive\Desktop\L
ibrary management\backend\nod
e_modules\mongoose\lib\model.
js:4322:10)
    at model.Query._find (C:\
Users\DELL\OneDrive\Desktop\L
ibrary management\backend\nod
e_modules\mongoose\lib\query.
js:2320:20)

Node.js v22.17.0
